 minispy

 Timestamp is 5a378e55 (Mon Dec 18 17:45:57 2017)

 Preferred load address is 0000000140000000

 Start         Length     Name                   Class
 0001:00000000 00001bf0H .text$mn                CODE
 0001:00001bf0 000000d0H .text$mn$00             CODE
 0001:00001cc0 00000200H .text$s                 CODE
 0001:00001ec0 00000023H .text$x                 CODE
 0002:00000000 00000198H .idata$5                DATA
 0002:00000198 00000028H .00cfg                  DATA
 0002:000001c0 00000334H .rdata                  DATA
 0002:000004f4 0000024cH .rdata$zzzdbg           DATA
 0002:00000740 00000248H .xdata                  DATA
 0003:00000000 00000100H .data                   DATA
 0003:00000100 00000549H .bss                    DATA
 0004:00000000 00000258H .pdata                  DATA
 0005:00000000 00000004H .gfids$y                DATA
 0006:00000000 00000ed0H PAGE                    CODE
 0006:00000ed0 00000290H PAGE$s                  CODE
 0006:00001160 00000046H PAGE$x                  CODE
 0007:00000000 00000490H INIT                    CODE
 0007:00000490 000000c0H INIT$s                  CODE
 0007:00000550 00000054H INIT$x                  CODE
 0007:000005a4 00000028H .idata$2                CODE
 0007:000005cc 00000014H .idata$3                CODE
 0007:000005e0 00000198H .idata$4                CODE
 0007:00000778 000004acH .idata$6                CODE
 0008:00000000 000005e0H INIT                    DATA
 0009:00000000 000000b0H .rsrc$01                DATA
 0009:000000b0 000003a8H .rsrc$02                DATA

  Address         Publics by Value              Rva+Base               Lib:Object

 0000:00000000       __dynamic_value_reloc_table 0000000000000000     <absolute>
 0000:00000000       __guard_iat_count          0000000000000000     <absolute>
 0000:00000000       __guard_iat_table          0000000000000000     <absolute>
 0000:00000000       __guard_fids_count         0000000000000000     <absolute>
 0000:00000000       __guard_longjmp_table      0000000000000000     <absolute>
 0000:00000000       __guard_longjmp_count      0000000000000000     <absolute>
 0000:00000000       ___safe_se_handler_table   0000000000000000     <absolute>
 0000:00000000       ___safe_se_handler_count   0000000000000000     <absolute>
 0000:00000000       __guard_fids_table         0000000000000000     <absolute>
 0000:00000100       __guard_flags              0000000000000100     <absolute>
 0001:00000000       InitializeListHead         0000000140001000 f i minispy.obj
 0001:00000030       KeGetCurrentIrql           0000000140001030 f i minispy.obj
 0001:00000040       RtlInitEmptyUnicodeString  0000000140001040 f i minispy.obj
 0001:00000080       SpyDeleteTxfContext        0000000140001080 f   minispy.obj
 0001:00000100       SpyEnlistInTransaction     0000000140001100 f   minispy.obj
 0001:000003d0       SpyExceptionFilter         00000001400013d0 f   minispy.obj
 0001:00000420       SpyKtmNotificationCallback 0000000140001420 f   minispy.obj
 0001:00000470       SpyPostOperationCallback   0000000140001470 f   minispy.obj
 0001:00000600       SpyPreOperationCallback    0000000140001600 f   minispy.obj
 0001:00000980       ExAllocateFromNPagedLookasideList 0000000140001980 f i mspyLib.obj
 0001:00000a00       ExFreeToNPagedLookasideList 0000000140001a00 f i mspyLib.obj
 0001:00000a80       FatalListEntryError        0000000140001a80 f i mspyLib.obj
 0001:00000ab0       GetProcessImageName        0000000140001ab0 f   mspyLib.obj
 0001:00000c60       InsertHeadList             0000000140001c60 f i mspyLib.obj
 0001:00000cf0       InsertTailList             0000000140001cf0 f i mspyLib.obj
 0001:00000d80       IsListEmpty                0000000140001d80 f i mspyLib.obj
 0001:00000db0       RemoveHeadList             0000000140001db0 f i mspyLib.obj
 0001:00000e40       RtlFailFast                0000000140001e40 f i mspyLib.obj
 0001:00000e50       RtlpCheckListEntry         0000000140001e50 f i mspyLib.obj
 0001:00000eb0       SpyAllocateBuffer          0000000140001eb0 f   mspyLib.obj
 0001:00000f30       SpyEmptyOutputBufferList   0000000140001f30 f   mspyLib.obj
 0001:00000fc0       SpyFreeBuffer              0000000140001fc0 f   mspyLib.obj
 0001:00000ff0       SpyFreeRecord              0000000140001ff0 f   mspyLib.obj
 0001:00001060       SpyGetLog                  0000000140002060 f   mspyLib.obj
 0001:000012d0       SpyLog                     00000001400022d0 f   mspyLib.obj
 0001:00001320       SpyLogPostOperationData    0000000140002320 f   mspyLib.obj
 0001:00001380       SpyLogPreOperationData     0000000140002380 f   mspyLib.obj
 0001:00001620       SpyLogTransactionNotify    0000000140002620 f   mspyLib.obj
 0001:00001700       SpyNewRecord               0000000140002700 f   mspyLib.obj
 0001:000017b0       SpySetRecordNameAndEcpData 00000001400027b0 f   mspyLib.obj
 0001:00001900       TxNotificationToMinorCode  0000000140002900 f   mspyLib.obj
 0001:000019b4       __report_gsfailure         00000001400029b4 f   BufferOverflowFastFailK:gs_report.obj
 0001:000019bc       __report_rangecheckfailure 00000001400029bc f   BufferOverflowFastFailK:gs_report.obj
 0001:000019e0       __security_check_cookie    00000001400029e0 f   BufferOverflowFastFailK:amdsecgs.obj
 0001:00001a00       _snwprintf                 0000000140002a00 f   ntoskrnl:ntoskrnl.exe
 0001:00001a06       __C_specific_handler       0000000140002a06 f   ntoskrnl:ntoskrnl.exe
 0001:00001a0c       __GSHandlerCheck           0000000140002a0c f   ntoskrnl:gshandler.obj
 0001:00001a2c       __GSHandlerCheckCommon     0000000140002a2c f   ntoskrnl:gshandler.obj
 0001:00001a86       sprintf                    0000000140002a86 f   ntoskrnl:ntoskrnl.exe
 0001:00001a8c       DbgPrint                   0000000140002a8c f   ntoskrnl:ntoskrnl.exe
 0001:00001ab0       memcmp                     0000000140002ab0 f   ntoskrnl:memcmp.obj
 0001:00001b78       FltRegisterFilter          0000000140002b78 f   fltMgr:FLTMGR.SYS
 0001:00001b7e       FltUnregisterFilter        0000000140002b7e f   fltMgr:FLTMGR.SYS
 0001:00001b84       FltStartFiltering          0000000140002b84 f   fltMgr:FLTMGR.SYS
 0001:00001b8a       FltGetRoutineAddress       0000000140002b8a f   fltMgr:FLTMGR.SYS
 0001:00001b90       FltGetFileNameInformation  0000000140002b90 f   fltMgr:FLTMGR.SYS
 0001:00001b96       FltReleaseFileNameInformation 0000000140002b96 f   fltMgr:FLTMGR.SYS
 0001:00001b9c       FltParseFileNameInformation 0000000140002b9c f   fltMgr:FLTMGR.SYS
 0001:00001ba2       FltAllocateContext         0000000140002ba2 f   fltMgr:FLTMGR.SYS
 0001:00001ba8       FltDeleteContext           0000000140002ba8 f   fltMgr:FLTMGR.SYS
 0001:00001bae       FltReleaseContext          0000000140002bae f   fltMgr:FLTMGR.SYS
 0001:00001bb4       FltCreateCommunicationPort 0000000140002bb4 f   fltMgr:FLTMGR.SYS
 0001:00001bba       FltCloseCommunicationPort  0000000140002bba f   fltMgr:FLTMGR.SYS
 0001:00001bc0       FltCloseClientPort         0000000140002bc0 f   fltMgr:FLTMGR.SYS
 0001:00001bc6       FltBuildDefaultSecurityDescriptor 0000000140002bc6 f   fltMgr:FLTMGR.SYS
 0001:00001bcc       FltFreeSecurityDescriptor  0000000140002bcc f   fltMgr:FLTMGR.SYS
 0001:00001bd2       FltGetDeviceObject         0000000140002bd2 f   fltMgr:FLTMGR.SYS
 0001:00001bd8       FltGetEcpListFromCallbackData 0000000140002bd8 f   fltMgr:FLTMGR.SYS
 0001:00001bde       FltGetNextExtraCreateParameter 0000000140002bde f   fltMgr:FLTMGR.SYS
 0001:00001be4       FltIsEcpFromUserMode       0000000140002be4 f   fltMgr:FLTMGR.SYS
 0001:00001bec       _guard_check_icall_nop     0000000140002bec f i BufferOverflowFastFailK:guard_support.obj
 0001:00001c00       _guard_dispatch_icall_nop  0000000140002c00 f   BufferOverflowFastFailK:guard_dispatch.obj
 0001:00001c20       __guard_ss_verify_failure  0000000140002c20 f   BufferOverflowFastFailK:rfgfailure.obj
 0001:00001c2a       __guard_ss_verify_failure_rcx 0000000140002c2a     BufferOverflowFastFailK:rfgfailure.obj
 0001:00001c30       __guard_ss_verify_failure_rdx 0000000140002c30     BufferOverflowFastFailK:rfgfailure.obj
 0001:00001c36       __guard_ss_verify_failure_r8 0000000140002c36     BufferOverflowFastFailK:rfgfailure.obj
 0001:00001c3c       __guard_ss_verify_failure_r9 0000000140002c3c     BufferOverflowFastFailK:rfgfailure.obj
 0001:00001c42       __guard_ss_verify_failure_r10 0000000140002c42     BufferOverflowFastFailK:rfgfailure.obj
 0001:00001c50       __guard_ss_verify_failure_default 0000000140002c50 f   BufferOverflowFastFailK:rfgfailure.obj
 0001:00001ca0       __guard_ss_verify_sp       0000000140002ca0 f   BufferOverflowFastFailK:rfgfailure.obj
 0001:00001cb0       __guard_ss_verify_sp_default 0000000140002cb0 f   BufferOverflowFastFailK:rfgfailure.obj
 0001:00001cc0       ??_C@_1BG@DLLGGIDJ@?$AA?$DM?$AA?$CF?$AA0?$AA8?$AAx?$AA?$DO?$AA?5?$AA?$CF?$AAw?$AAZ?$AA?$AA@FNODOBFM@ 0000000140002cc0     minispy.obj
 0001:00001ce0       ??_C@_1GE@GOOEDKNI@?$AA?$DM?$AAN?$AAO?$AA?5?$AAN?$AAA?$AAM?$AAE?$AA?3?$AA?5?$AAN?$AAo?$AAr?$AAm?$AAa?$AAl?$AAi?$AAz?$AAe?$AAS?$AAt?$AAa?$AAt?$AAu?$AAs?$AA?$DN?$AA?$CF?$AA0?$AA8?$AAx?$AA?5?$AAO@FNODOBFM@ 0000000140002ce0     minispy.obj
 0001:00001d50       ??_C@_1BE@ECKFOCEH@?$AA?$DM?$AAN?$AAO?$AA?5?$AAN?$AAA?$AAM?$AAE?$AA?$DO?$AA?$AA@FNODOBFM@ 0000000140002d50     minispy.obj
 0001:00001d70       ??_C@_1BA@GLJAAEHE@?$AA?$CF?$AAw?$AAZ?$AA?5?$AA?$CF?$AAw?$AAZ?$AA?$AA@FNODOBFM@ 0000000140002d70     mspyLib.obj
 0001:00001d80       ??_C@_17JJNMJOBL@?$AA?$CF?$AAw?$AAZ?$AA?$AA@FNODOBFM@ 0000000140002d80     mspyLib.obj
 0001:00001d90       ??_C@_1DE@MLPIADGK@?$AAZ?$AAw?$AAQ?$AAu?$AAe?$AAr?$AAy?$AAI?$AAn?$AAf?$AAo?$AAr?$AAm?$AAa?$AAt?$AAi?$AAo?$AAn?$AAP?$AAr?$AAo?$AAc?$AAe?$AAs?$AAs?$AA?$AA@FNODOBFM@ 0000000140002d90     mspyLib.obj
 0001:00001dd0       ??_C@_0CK@GFHPICJL@Cannot?5resolve?5ZwQueryInformatio@FNODOBFM@ 0000000140002dd0     mspyLib.obj
 0001:00001e00       ??_C@_0BN@GBNKHMFP@STATUS_INFO_LENGTH_MISMATCH?6?$AA@FNODOBFM@ 0000000140002e00     mspyLib.obj
 0001:00001e20       ??_C@_0BI@BGBDJBON@STATUS_BUFFER_OVERFLOW?6?$AA@FNODOBFM@ 0000000140002e20     mspyLib.obj
 0001:00001e40       ??_C@_0BP@NNIHOKJF@STATUS_INSUFFICIENT_RESOURCES?6?$AA@FNODOBFM@ 0000000140002e40     mspyLib.obj
 0001:00001e60       ??_C@_0BA@IAFOBEKP@ProcessID?5?3?5?$CFd?6?$AA@FNODOBFM@ 0000000140002e60     mspyLib.obj
 0001:00001e70       ??_C@_03FILNLEOE@?$CFwZ?$AA@FNODOBFM@ 0000000140002e70     mspyLib.obj
 0001:00001e80       ??_C@_0BH@CCEFEHFE@ProcessImageName?5?3?5?$CFs?6?$AA@FNODOBFM@ 0000000140002e80     mspyLib.obj
 0001:00001ea0       ??_C@_0BJ@LPMBFDLN@?9?9ProcessImageName?5?3?5?$CFs?6?$AA@FNODOBFM@ 0000000140002ea0     mspyLib.obj
 0002:00000000       __imp_FltGetNextExtraCreateParameter 0000000140003000     fltMgr:FLTMGR.SYS
 0002:00000008       __imp_FltGetEcpListFromCallbackData 0000000140003008     fltMgr:FLTMGR.SYS
 0002:00000010       __imp_FltGetDeviceObject   0000000140003010     fltMgr:FLTMGR.SYS
 0002:00000018       __imp_FltFreeSecurityDescriptor 0000000140003018     fltMgr:FLTMGR.SYS
 0002:00000020       __imp_FltBuildDefaultSecurityDescriptor 0000000140003020     fltMgr:FLTMGR.SYS
 0002:00000028       __imp_FltCloseClientPort   0000000140003028     fltMgr:FLTMGR.SYS
 0002:00000030       __imp_FltCloseCommunicationPort 0000000140003030     fltMgr:FLTMGR.SYS
 0002:00000038       __imp_FltCreateCommunicationPort 0000000140003038     fltMgr:FLTMGR.SYS
 0002:00000040       __imp_FltReleaseContext    0000000140003040     fltMgr:FLTMGR.SYS
 0002:00000048       __imp_FltDeleteContext     0000000140003048     fltMgr:FLTMGR.SYS
 0002:00000050       __imp_FltAllocateContext   0000000140003050     fltMgr:FLTMGR.SYS
 0002:00000058       __imp_FltParseFileNameInformation 0000000140003058     fltMgr:FLTMGR.SYS
 0002:00000060       __imp_FltReleaseFileNameInformation 0000000140003060     fltMgr:FLTMGR.SYS
 0002:00000068       __imp_FltGetFileNameInformation 0000000140003068     fltMgr:FLTMGR.SYS
 0002:00000070       __imp_FltGetRoutineAddress 0000000140003070     fltMgr:FLTMGR.SYS
 0002:00000078       __imp_FltStartFiltering    0000000140003078     fltMgr:FLTMGR.SYS
 0002:00000080       __imp_FltUnregisterFilter  0000000140003080     fltMgr:FLTMGR.SYS
 0002:00000088       __imp_FltRegisterFilter    0000000140003088     fltMgr:FLTMGR.SYS
 0002:00000090       __imp_FltIsEcpFromUserMode 0000000140003090     fltMgr:FLTMGR.SYS
 0002:00000098       \177FLTMGR_NULL_THUNK_DATA 0000000140003098     fltMgr:FLTMGR.SYS
 0002:000000a0       __imp_ExpInterlockedPopEntrySList 00000001400030a0     ntoskrnl:ntoskrnl.exe
 0002:000000a8       __imp_ExpInterlockedPushEntrySList 00000001400030a8     ntoskrnl:ntoskrnl.exe
 0002:000000b0       __imp_ObfDereferenceObject 00000001400030b0     ntoskrnl:ntoskrnl.exe
 0002:000000b8       __imp_ZwClose              00000001400030b8     ntoskrnl:ntoskrnl.exe
 0002:000000c0       __imp_ZwOpenKey            00000001400030c0     ntoskrnl:ntoskrnl.exe
 0002:000000c8       __imp_ExQueryDepthSList    00000001400030c8     ntoskrnl:ntoskrnl.exe
 0002:000000d0       __imp_PsGetCurrentProcessId 00000001400030d0     ntoskrnl:ntoskrnl.exe
 0002:000000d8       __imp_PsGetCurrentThreadId 00000001400030d8     ntoskrnl:ntoskrnl.exe
 0002:000000e0       __imp_RtlIpv4AddressToStringExA 00000001400030e0     ntoskrnl:ntoskrnl.exe
 0002:000000e8       __imp_RtlIpv6AddressToStringExA 00000001400030e8     ntoskrnl:ntoskrnl.exe
 0002:000000f0       __imp_ExFreePoolWithTag    00000001400030f0     ntoskrnl:ntoskrnl.exe
 0002:000000f8       __imp_ExAllocatePoolWithTag 00000001400030f8     ntoskrnl:ntoskrnl.exe
 0002:00000100       __imp_KeReleaseSpinLock    0000000140003100     ntoskrnl:ntoskrnl.exe
 0002:00000108       __imp_KeAcquireSpinLockRaiseToDpc 0000000140003108     ntoskrnl:ntoskrnl.exe
 0002:00000110       __imp_DbgPrint             0000000140003110     ntoskrnl:ntoskrnl.exe
 0002:00000118       __imp_RtlStringFromGUID    0000000140003118     ntoskrnl:ntoskrnl.exe
 0002:00000120       __imp_RtlFreeUnicodeString 0000000140003120     ntoskrnl:ntoskrnl.exe
 0002:00000128       __imp_RtlCopyUnicodeString 0000000140003128     ntoskrnl:ntoskrnl.exe
 0002:00000130       __imp_MmGetSystemRoutineAddress 0000000140003130     ntoskrnl:ntoskrnl.exe
 0002:00000138       __imp_sprintf              0000000140003138     ntoskrnl:ntoskrnl.exe
 0002:00000140       __imp___C_specific_handler 0000000140003140     ntoskrnl:ntoskrnl.exe
 0002:00000148       __imp__snwprintf           0000000140003148     ntoskrnl:ntoskrnl.exe
 0002:00000150       __imp_FsRtlIsNtstatusExpected 0000000140003150     ntoskrnl:ntoskrnl.exe
 0002:00000158       __imp_IoIs32bitProcess     0000000140003158     ntoskrnl:ntoskrnl.exe
 0002:00000160       __imp_ExDeleteNPagedLookasideList 0000000140003160     ntoskrnl:ntoskrnl.exe
 0002:00000168       __imp_ExInitializeNPagedLookasideList 0000000140003168     ntoskrnl:ntoskrnl.exe
 0002:00000170       __imp_ExAllocatePool       0000000140003170     ntoskrnl:ntoskrnl.exe
 0002:00000178       __imp_KeInitializeSpinLock 0000000140003178     ntoskrnl:ntoskrnl.exe
 0002:00000180       __imp_ZwQueryValueKey      0000000140003180     ntoskrnl:ntoskrnl.exe
 0002:00000188       __imp_RtlInitUnicodeString 0000000140003188     ntoskrnl:ntoskrnl.exe
 0002:00000190       \177ntoskrnl_NULL_THUNK_DATA 0000000140003190     ntoskrnl:ntoskrnl.exe
 0002:00000198       __guard_check_icall_fptr   0000000140003198     BufferOverflowFastFailK:guard_support.obj
 0002:000001a0       __guard_dispatch_icall_fptr 00000001400031a0     BufferOverflowFastFailK:guard_support.obj
 0002:000001a8       __guard_ss_verify_failure_fptr 00000001400031a8     BufferOverflowFastFailK:guard_support.obj
 0002:000001b0       __guard_ss_verify_sp_fptr  00000001400031b0     BufferOverflowFastFailK:guard_support.obj
 0002:000001c0       ??_C@_1FG@PONDKOB@?$AA?2?$AAD?$AAe?$AAv?$AAi?$AAs?$AAe?$AA?2?$AAH?$AAa?$AAr?$AAd?$AAd?$AAi?$AAs?$AAk?$AAV?$AAo?$AAl?$AAu?$AAm?$AAe?$AA2?$AA?2?$AAB?$AAa?$AAc?$AAk?$AAu?$AAp?$AA4?$AAR@ 00000001400031c0     minispy.obj
 0002:00000218       ??_C@_13EBCNDICG@?$AA?3?$AA?$AA@ 0000000140003218     minispy.obj
 0002:00000220       ??_C@_19GGNHIDOH@?$AA?4?$AAt?$AAx?$AAt?$AA?$AA@ 0000000140003220     minispy.obj
 0002:00000230       ??_C@_19MJHBOPMJ@?$AA?4?$AAd?$AAo?$AAc?$AA?$AA@ 0000000140003230     minispy.obj
 0002:00000240       ??_C@_1M@IEAGNCOM@?$AA?4?$AAd?$AAo?$AAc?$AAx?$AA?$AA@ 0000000140003240     minispy.obj
 0002:00000250       ??_C@_19DEOIOOJM@?$AA?4?$AAx?$AAl?$AAs?$AA?$AA@ 0000000140003250     minispy.obj
 0002:00000260       ??_C@_19DELFNHLM@?$AA?4?$AAz?$AAi?$AAp?$AA?$AA@ 0000000140003260     minispy.obj
 0002:00000270       ??_C@_19KBAKIGOP@?$AA?4?$AAr?$AAa?$AAr?$AA?$AA@ 0000000140003270     minispy.obj
 0002:00000280       ??_C@_19GMJJNAOJ@?$AA?4?$AAp?$AAd?$AAf?$AA?$AA@ 0000000140003280     minispy.obj
 0002:00000290       ??_C@_19OMOAPHA@?$AA?4?$AAp?$AAp?$AAt?$AA?$AA@ 0000000140003290     minispy.obj
 0002:000002a0       ??_C@_1M@BBALOCNK@?$AA?4?$AAp?$AAp?$AAt?$AAx?$AA?$AA@ 00000001400032a0     minispy.obj
 0002:000002b0       ??_C@_19EEFGDEE@?$AA?4?$AAm?$AAd?$AAb?$AA?$AA@ 00000001400032b0     minispy.obj
 0002:000002c0       ??_C@_19OPLDELAO@?$AA?4?$AAm?$AAp?$AA3?$AA?$AA@ 00000001400032c0     minispy.obj
 0002:000002d0       ??_C@_19HCGEHDLH@?$AA?4?$AAm?$AAp?$AA4?$AA?$AA@ 00000001400032d0     minispy.obj
 0002:000002e0       ??_C@_19KLNMNDPL@?$AA?4?$AAm?$AAp?$AAg?$AA?$AA@ 00000001400032e0     minispy.obj
 0002:000002f0       ??_C@_19HFLOJEOK@?$AA?4?$AAp?$AAn?$AAg?$AA?$AA@ 00000001400032f0     minispy.obj
 0002:00000300       ??_C@_19KGHJPLAF@?$AA?4?$AAg?$AAi?$AAf?$AA?$AA@ 0000000140003300     minispy.obj
 0002:00000310       ??_C@_19HKLPDE@?$AA?4?$AAb?$AAm?$AAp?$AA?$AA@ 0000000140003310     minispy.obj
 0002:00000320       ??_C@_19KBBJNKOC@?$AA?4?$AAj?$AAp?$AAg?$AA?$AA@ 0000000140003320     minispy.obj
 0002:00000330       ??_C@_1M@OBHHGFAM@?$AA?4?$AAj?$AAp?$AAe?$AAg?$AA?$AA@ 0000000140003330     minispy.obj
 0002:00000340       ??_C@_19GPGAIFNL@?$AA?4?$AAi?$AAc?$AAo?$AA?$AA@ 0000000140003340     minispy.obj
 0002:00000350       ??_C@_19NAGHIDJN@?$AA?4?$AAc?$AAs?$AAv?$AA?$AA@ 0000000140003350     minispy.obj
 0002:00000360       ??_C@_19GKAHDNLH@?$AA?4?$AAf?$AAl?$AAv?$AA?$AA@ 0000000140003360     minispy.obj
 0002:00000370       ??_C@_19BBEKNPKH@?$AA?4?$AAw?$AAm?$AAv?$AA?$AA@ 0000000140003370     minispy.obj
 0002:00000380       GUID_ECP_PREFETCH_OPEN     0000000140003380     mspyLib.obj
 0002:00000390       GUID_ECP_NFS_OPEN          0000000140003390     mspyLib.obj
 0002:000003a0       GUID_ECP_SRV_OPEN          00000001400033a0     mspyLib.obj
 0002:000003b0       GUID_ECP_OPLOCK_KEY        00000001400033b0     mspyLib.obj
 0002:00000400       _load_config_used          0000000140003400     cfg_support_v1:v1guardloadcfg.obj
 0003:00000000       BackupFolder               0000000140004000     minispy.obj
 0003:00000008       Spot                       0000000140004008     minispy.obj
 0003:00000010       extentions                 0000000140004010     minispy.obj
 0003:000000c8       numberOfExtentions         00000001400040c8     minispy.obj
 0003:000000d0       __security_cookie          00000001400040d0     BufferOverflowFastFailK:gs_support.obj
 0003:000000d8       __security_cookie_complement 00000001400040d8     BufferOverflowFastFailK:gs_support.obj
 0003:00000100       StatusToBreakOn            0000000140004100     minispy.obj
 0003:00000140       MiniSpyData                0000000140004140     minispy.obj
 0003:00000640       ZwQueryInformationProcess  0000000140004640     <common>
 0003:00000648       isBlock                    0000000140004648     <common>
 0006:00000000       SpyConnect                 0000000140007000 f   minispy.obj
 0006:000000a0       SpyDisconnect              00000001400070a0 f   minispy.obj
 0006:00000100       SpyFilterUnload            0000000140007100 f   minispy.obj
 0006:00000180       SpyMessage                 0000000140007180 f   minispy.obj
 0006:00000340       SpyQueryTeardown           0000000140007340 f   minispy.obj
 0006:00000390       SpyBuildEcpDataString      0000000140007390 f   mspyLib.obj
 0006:00000c10       SpyParseEcps               0000000140007c10 f   mspyLib.obj
 0006:00000ed0       ??_C@_1BE@BEIFHMBJ@?$AA?$FL?$AA?$CF?$AAd?$AA?5?$AAE?$AAC?$AAP?$AAs?$AA?3?$AA?$AA@NNGAKEGL@ 0000000140007ed0     mspyLib.obj
 0006:00000ef0       ??_C@_1CI@EAGFGNMG@?$AA?$CF?$AAs?$AA?5?$AAO?$AAP?$AAL?$AAO?$AAC?$AAK?$AA?5?$AAK?$AAE?$AAY?$AA?3?$AA?5?$AA?$CF?$AAw?$AAZ?$AA?$DL?$AA?$AA@NNGAKEGL@ 0000000140007ef0     mspyLib.obj
 0006:00000f20       ??_C@_1CO@IBCLHBAL@?$AA?$CF?$AAs?$AA?5?$AAI?$AAN?$AAV?$AAA?$AAL?$AAI?$AAD?$AA?5?$AAO?$AAP?$AAL?$AAO?$AAC?$AAK?$AA?5?$AAK?$AAE?$AAY?$AA?$DL?$AA?$AA@NNGAKEGL@ 0000000140007f20     mspyLib.obj
 0006:00000f50       ??_C@_1DA@EMBHPAKK@?$AA?$CF?$AAs?$AA?5?$AAN?$AAF?$AAS?$AA?5?$AAS?$AAH?$AAA?$AAR?$AAE?$AA?5?$AAN?$AAA?$AAM?$AAE?$AA?3?$AA?5?$AA?$CF?$AAw?$AAZ?$AA?0?$AA?$AA@NNGAKEGL@ 0000000140007f50     mspyLib.obj
 0006:00000f80       ??_C@_1DA@MICJNEMM@?$AA?$CF?$AAs?$AA?5?$AAN?$AAF?$AAS?$AA?5?$AAS?$AAO?$AAC?$AAK?$AAE?$AAT?$AA?5?$AAA?$AAD?$AAD?$AAR?$AA?3?$AA?5?$AA?$CF?$AAS?$AA?$DL?$AA?$AA@NNGAKEGL@ 0000000140007f80     mspyLib.obj
 0006:00000fb0       ??_C@_1DI@CIFPBNLA@?$AA?$CF?$AAs?$AA?5?$AAN?$AAF?$AAS?$AA?5?$AAI?$AAN?$AAV?$AAA?$AAL?$AAI?$AAD?$AA?5?$AAS?$AAO?$AAC?$AAK?$AAE?$AAT?$AA?5?$AAA?$AAD?$AAD?$AAR?$AA?$DL?$AA?$AA@NNGAKEGL@ 0000000140007fb0     mspyLib.obj
 0006:00000ff0       ??_C@_1DA@OMKIHAGO@?$AA?$CF?$AAs?$AA?5?$AAS?$AAR?$AAV?$AA?5?$AAS?$AAH?$AAA?$AAR?$AAE?$AA?5?$AAN?$AAA?$AAM?$AAE?$AA?3?$AA?5?$AA?$CF?$AAw?$AAZ?$AA?0?$AA?$AA@NNGAKEGL@ 0000000140007ff0     mspyLib.obj
 0006:00001020       ??_C@_1DA@GIJGFEAI@?$AA?$CF?$AAs?$AA?5?$AAS?$AAR?$AAV?$AA?5?$AAS?$AAO?$AAC?$AAK?$AAE?$AAT?$AA?5?$AAA?$AAD?$AAD?$AAR?$AA?3?$AA?5?$AA?$CF?$AAS?$AA?$DL?$AA?$AA@NNGAKEGL@ 0000000140008020     mspyLib.obj
 0006:00001050       ??_C@_1DI@MFBOIALJ@?$AA?$CF?$AAs?$AA?5?$AAS?$AAR?$AAV?$AA?5?$AAI?$AAN?$AAV?$AAA?$AAL?$AAI?$AAD?$AA?5?$AAS?$AAO?$AAC?$AAK?$AAE?$AAT?$AA?5?$AAA?$AAD?$AAD?$AAR?$AA?$DL?$AA?$AA@NNGAKEGL@ 0000000140008050     mspyLib.obj
 0006:00001090       ??_C@_13GAMECHAC@?$AAF?$AA?$AA@NNGAKEGL@ 0000000140008090     mspyLib.obj
 0006:000010a0       ??_C@_13IMODFHAA@?$AA?9?$AA?$AA@NNGAKEGL@ 00000001400080a0     mspyLib.obj
 0006:000010b0       ??_C@_13PNBDBPLL@?$AAA?$AA?$AA@NNGAKEGL@ 00000001400080b0     mspyLib.obj
 0006:000010c0       ??_C@_13OPKGLAFF@?$AAB?$AA?$AA@NNGAKEGL@ 00000001400080c0     mspyLib.obj
 0006:000010d0       ??_C@_1CM@OOEAPBPF@?$AA?$CF?$AAs?$AA?5?$AAS?$AAR?$AAV?$AA?5?$AAF?$AAL?$AAA?$AAG?$AAS?$AA?3?$AA?5?$AA?$CF?$AAs?$AA?$CF?$AAs?$AA?$CF?$AAs?$AA?$DL?$AA?$AA@NNGAKEGL@ 00000001400080d0     mspyLib.obj
 0006:00001100       ??_C@_1BK@LHDLIODC@?$AA?$CF?$AAs?$AA?5?$AAP?$AAR?$AAE?$AAF?$AAE?$AAT?$AAC?$AAH?$AA?$DL?$AA?$AA@NNGAKEGL@ 0000000140008100     mspyLib.obj
 0006:00001120       ??_C@_1CI@LNFBFLOO@?$AA?$CF?$AAs?$AA?5?$AA?$CF?$AAd?$AA?5?$AAu?$AAn?$AAk?$AAn?$AAo?$AAw?$AAn?$AA?5?$AAE?$AAC?$AAP?$AAs?$AA?$FN?$AA?$AA@NNGAKEGL@ 0000000140008120     mspyLib.obj
 0006:00001150       ??_C@_17JPJKOELE@?$AA?$CF?$AAs?$AA?$FN?$AA?$AA@NNGAKEGL@ 0000000140008150     mspyLib.obj
 0007:00000000       DriverEntry                0000000140009000 f   minispy.obj
 0007:00000240       SpyReadDriverParameters    0000000140009240 f   mspyLib.obj
 0007:0000042c       GsDriverEntry              000000014000942c f   BufferOverflowFastFailK:gs_driverentry.obj
 0007:00000458       __security_init_cookie     0000000140009458 f   BufferOverflowFastFailK:gs_support.obj
 0007:00000490       ??_C@_0BJ@PEGHOHFM@FltSetTransactionContext?$AA@PBOPGDP@ 0000000140009490     minispy.obj
 0007:000004b0       ??_C@_0BJ@BDBDOBN@FltGetTransactionContext?$AA@PBOPGDP@ 00000001400094b0     minispy.obj
 0007:000004d0       ??_C@_0BH@NBIOBFIH@FltEnlistInTransaction?$AA@PBOPGDP@ 00000001400094d0     minispy.obj
 0007:000004f0       ??_C@_1BK@DICPLIGM@?$AA?2?$AAM?$AAi?$AAn?$AAi?$AAS?$AAp?$AAy?$AAP?$AAo?$AAr?$AAt?$AA?$AA@PBOPGDP@ 00000001400094f0     minispy.obj
 0007:00000510       ??_C@_1BG@MHDFHEJC@?$AAM?$AAa?$AAx?$AAR?$AAe?$AAc?$AAo?$AAr?$AAd?$AAs?$AA?$AA@PBOPGDP@ 0000000140009510     mspyLib.obj
 0007:00000530       ??_C@_1CA@GONDOMMD@?$AAN?$AAa?$AAm?$AAe?$AAQ?$AAu?$AAe?$AAr?$AAy?$AAM?$AAe?$AAt?$AAh?$AAo?$AAd?$AA?$AA@PBOPGDP@ 0000000140009530     mspyLib.obj
 0007:000005a4       __IMPORT_DESCRIPTOR_ntoskrnl 00000001400095a4     ntoskrnl:ntoskrnl.exe
 0007:000005b8       __IMPORT_DESCRIPTOR_FLTMGR 00000001400095b8     fltMgr:FLTMGR.SYS
 0007:000005cc       __NULL_IMPORT_DESCRIPTOR   00000001400095cc     ntoskrnl:ntoskrnl.exe
 0008:00000000       Contexts                   000000014000a000     RegistrationData.obj
 0008:00000070       FilterRegistration         000000014000a070     RegistrationData.obj
 0008:000000e0       Callbacks                  000000014000a0e0     RegistrationData.obj

 entry point at        0007:0000042c

 Static symbols

 0000:ffff3000       .debug$S                   0000000140000000     fltMgr:FLTMGR.SYS
 0000:ffff3000       .debug$S                   0000000140000000     fltMgr:FLTMGR.SYS
 0000:ffff3000       .debug$S                   0000000140000000     ntoskrnl:ntoskrnl.exe
 0000:ffff3000       .debug$S                   0000000140000000     fltMgr:FLTMGR.SYS
 0000:ffff3000       .debug$S                   0000000140000000     fltMgr:FLTMGR.SYS
 0000:ffff3000       .debug$S                   0000000140000000     fltMgr:FLTMGR.SYS
 0000:ffff3000       .debug$S                   0000000140000000     fltMgr:FLTMGR.SYS
 0000:ffff3000       .debug$S                   0000000140000000     fltMgr:FLTMGR.SYS
 0000:ffff3000       .debug$S                   0000000140000000     fltMgr:FLTMGR.SYS
 0000:ffff3000       .debug$S                   0000000140000000     fltMgr:FLTMGR.SYS
 0000:ffff3000       .debug$S                   0000000140000000     fltMgr:FLTMGR.SYS
 0000:ffff3000       .debug$S                   0000000140000000     fltMgr:FLTMGR.SYS
 0000:ffff3000       .debug$S                   0000000140000000     fltMgr:FLTMGR.SYS
 0000:ffff3000       .debug$S                   0000000140000000     fltMgr:FLTMGR.SYS
 0000:ffff3000       .debug$S                   0000000140000000     fltMgr:FLTMGR.SYS
 0000:ffff3000       .debug$S                   0000000140000000     fltMgr:FLTMGR.SYS
 0000:ffff3000       .debug$S                   0000000140000000     fltMgr:FLTMGR.SYS
 0000:ffff3000       .debug$S                   0000000140000000     fltMgr:FLTMGR.SYS
 0000:ffff3000       .debug$S                   0000000140000000     fltMgr:FLTMGR.SYS
 0000:ffff3000       .debug$S                   0000000140000000     fltMgr:FLTMGR.SYS
 0000:ffff3000       .debug$S                   0000000140000000     ntoskrnl:ntoskrnl.exe
 0000:ffff3000       .debug$S                   0000000140000000     ntoskrnl:ntoskrnl.exe
 0000:ffff3000       .debug$S                   0000000140000000     ntoskrnl:ntoskrnl.exe
 0000:ffff3000       .debug$S                   0000000140000000     ntoskrnl:ntoskrnl.exe
 0000:ffff3000       .debug$S                   0000000140000000     ntoskrnl:ntoskrnl.exe
 0000:ffff3000       .debug$S                   0000000140000000     ntoskrnl:ntoskrnl.exe
 0000:ffff3000       .debug$S                   0000000140000000     ntoskrnl:ntoskrnl.exe
 0000:ffff3000       .debug$S                   0000000140000000     ntoskrnl:ntoskrnl.exe
 0000:ffff3000       .debug$S                   0000000140000000     ntoskrnl:ntoskrnl.exe
 0000:ffff3000       .debug$S                   0000000140000000     ntoskrnl:ntoskrnl.exe
 0000:ffff3000       .debug$S                   0000000140000000     ntoskrnl:ntoskrnl.exe
 0000:ffff3000       .debug$S                   0000000140000000     ntoskrnl:ntoskrnl.exe
 0000:ffff3000       .debug$S                   0000000140000000     ntoskrnl:ntoskrnl.exe
 0000:ffff3000       .debug$S                   0000000140000000     ntoskrnl:ntoskrnl.exe
 0000:ffff3000       .debug$S                   0000000140000000     ntoskrnl:ntoskrnl.exe
 0000:ffff3000       .debug$S                   0000000140000000     ntoskrnl:ntoskrnl.exe
 0000:ffff3000       .debug$S                   0000000140000000     ntoskrnl:ntoskrnl.exe
 0000:ffff3000       .debug$S                   0000000140000000     ntoskrnl:ntoskrnl.exe
 0000:ffff3000       .debug$S                   0000000140000000     ntoskrnl:ntoskrnl.exe
 0000:ffff3000       .debug$S                   0000000140000000     ntoskrnl:ntoskrnl.exe
 0000:ffff3000       .debug$S                   0000000140000000     ntoskrnl:ntoskrnl.exe
 0000:ffff3000       .debug$S                   0000000140000000     ntoskrnl:ntoskrnl.exe
 0000:ffff3000       .debug$S                   0000000140000000     ntoskrnl:ntoskrnl.exe
 0000:ffff3000       .debug$S                   0000000140000000     ntoskrnl:ntoskrnl.exe
 0000:ffff3000       .debug$S                   0000000140000000     ntoskrnl:ntoskrnl.exe
 0000:ffff3000       .debug$S                   0000000140000000     ntoskrnl:ntoskrnl.exe
 0000:ffff3000       .debug$S                   0000000140000000     ntoskrnl:ntoskrnl.exe
 0000:ffff3000       .debug$S                   0000000140000000     ntoskrnl:ntoskrnl.exe
 0000:ffff3000       .debug$S                   0000000140000000     ntoskrnl:ntoskrnl.exe
 0001:000019d0       $$000000                   00000001400029d0     BufferOverflowFastFailK:amdsecgs.obj
 0001:00001aa0       $$000000                   0000000140002aa0     ntoskrnl:memcmp.obj
 0001:00001bf0       $$000000                   0000000140002bf0     BufferOverflowFastFailK:guard_dispatch.obj
 0001:00001c10       $$000000                   0000000140002c10     BufferOverflowFastFailK:rfgfailure.obj
 0001:00001ec0       SpyGetLog$filt$0           0000000140002ec0 f   mspyLib.obj
 0002:00000740       $unwind$SpyPreOperationCallback 0000000140003740     minispy.obj
 0002:00000754       $unwind$SpyPostOperationCallback 0000000140003754     minispy.obj
 0002:00000764       $unwind$SpyKtmNotificationCallback 0000000140003764     minispy.obj
 0002:00000770       $unwind$SpyFilterUnload    0000000140003770     minispy.obj
 0002:0000077c       $unwind$SpyQueryTeardown   000000014000377c     minispy.obj
 0002:0000077c       $unwind$SpyExceptionFilter 000000014000377c     minispy.obj
 0002:00000788       $unwind$SpyLogPostOperationData 0000000140003788     mspyLib.obj
 0002:00000788       $unwind$SpyDeleteTxfContext 0000000140003788     minispy.obj
 0002:00000794       $unwind$DriverEntry        0000000140003794     minispy.obj
 0002:000007b8       $unwind$DriverEntry$fin$0  00000001400037b8     minispy.obj
 0002:000007c4       $unwind$SpyMessage         00000001400037c4     minispy.obj
 0002:000007f8       $unwind$SpyConnect         00000001400037f8     minispy.obj
 0002:00000804       $unwind$SpyEnlistInTransaction 0000000140003804     minispy.obj
 0002:00000810       $unwind$IsListEmpty        0000000140003810     mspyLib.obj
 0002:0000081c       $unwind$FatalListEntryError 000000014000381c     mspyLib.obj
 0002:00000828       $unwind$SpyFreeBuffer      0000000140003828     mspyLib.obj
 0002:00000828       $unwind$RtlpCheckListEntry 0000000140003828     mspyLib.obj
 0002:00000834       $unwind$InsertHeadList     0000000140003834     mspyLib.obj
 0002:00000834       $unwind$InsertTailList     0000000140003834     mspyLib.obj
 0002:00000840       $unwind$ExFreeToNPagedLookasideList 0000000140003840     mspyLib.obj
 0002:0000084c       $unwind$SpyReadDriverParameters 000000014000384c     mspyLib.obj
 0002:00000860       $unwind$SpyNewRecord       0000000140003860     mspyLib.obj
 0002:0000086c       $unwind$SpyParseEcps       000000014000386c     mspyLib.obj
 0002:00000884       $unwind$SpyBuildEcpDataString 0000000140003884     mspyLib.obj
 0002:00000898       $unwind$SpySetRecordNameAndEcpData 0000000140003898     mspyLib.obj
 0002:000008a4       $unwind$SpyLogPreOperationData 00000001400038a4     mspyLib.obj
 0002:000008b8       $unwind$SpyLogTransactionNotify 00000001400038b8     mspyLib.obj
 0002:000008c4       $unwind$SpyFreeRecord      00000001400038c4     mspyLib.obj
 0002:000008c4       $unwind$SpyDisconnect      00000001400038c4     minispy.obj
 0002:000008c4       $unwind$SpyLog             00000001400038c4     mspyLib.obj
 0002:000008c4       $unwind$ExAllocateFromNPagedLookasideList 00000001400038c4     mspyLib.obj
 0002:000008c4       $unwind$SpyAllocateBuffer  00000001400038c4     mspyLib.obj
 0002:000008c4       $unwind$RemoveHeadList     00000001400038c4     mspyLib.obj
 0002:000008d0       $unwind$SpyGetLog          00000001400038d0     mspyLib.obj
 0002:000008f8       $unwind$SpyMessage$filt$0  00000001400038f8     minispy.obj
 0002:000008f8       $unwind$SpyMessage$filt$1  00000001400038f8     minispy.obj
 0002:000008f8       $unwind$SpyGetLog$filt$0   00000001400038f8     mspyLib.obj
 0002:00000904       $unwind$SpyEmptyOutputBufferList 0000000140003904     mspyLib.obj
 0002:00000910       $unwind$TxNotificationToMinorCode 0000000140003910     mspyLib.obj
 0002:0000091c       $unwind$GetProcessImageName 000000014000391c     mspyLib.obj
 0002:00000928       $unwind$GsDriverEntry      0000000140003928     BufferOverflowFastFailK:gs_driverentry.obj
 0002:00000938       $xdatasym                  0000000140003938     BufferOverflowFastFailK:amdsecgs.obj
 0002:00000944       $unwind$__GSHandlerCheckCommon 0000000140003944     ntoskrnl:gshandler.obj
 0002:00000950       $unwind$__GSHandlerCheck   0000000140003950     ntoskrnl:gshandler.obj
 0002:00000960       $xdatasym                  0000000140003960     ntoskrnl:memcmp.obj
 0002:00000970       $xdatasym                  0000000140003970     BufferOverflowFastFailK:guard_dispatch.obj
 0002:00000978       $xdatasym                  0000000140003978     BufferOverflowFastFailK:rfgfailure.obj
 0003:000000cc       ?Sequence@?1??SpyEnlistInTransaction@@9@9 00000001400040cc     minispy.obj
 0004:00000000       $pdata$SpyDeleteTxfContext 0000000140005000     minispy.obj
 0004:0000000c       $pdata$SpyEnlistInTransaction 000000014000500c     minispy.obj
 0004:00000018       $pdata$SpyExceptionFilter  0000000140005018     minispy.obj
 0004:00000024       $pdata$SpyKtmNotificationCallback 0000000140005024     minispy.obj
 0004:00000030       $pdata$SpyPostOperationCallback 0000000140005030     minispy.obj
 0004:0000003c       $pdata$SpyPreOperationCallback 000000014000503c     minispy.obj
 0004:00000048       $pdata$ExAllocateFromNPagedLookasideList 0000000140005048     mspyLib.obj
 0004:00000054       $pdata$ExFreeToNPagedLookasideList 0000000140005054     mspyLib.obj
 0004:00000060       $pdata$FatalListEntryError 0000000140005060     mspyLib.obj
 0004:0000006c       $pdata$GetProcessImageName 000000014000506c     mspyLib.obj
 0004:00000078       $pdata$InsertHeadList      0000000140005078     mspyLib.obj
 0004:00000084       $pdata$InsertTailList      0000000140005084     mspyLib.obj
 0004:00000090       $pdata$IsListEmpty         0000000140005090     mspyLib.obj
 0004:0000009c       $pdata$RemoveHeadList      000000014000509c     mspyLib.obj
 0004:000000a8       $pdata$RtlpCheckListEntry  00000001400050a8     mspyLib.obj
 0004:000000b4       $pdata$SpyAllocateBuffer   00000001400050b4     mspyLib.obj
 0004:000000c0       $pdata$SpyEmptyOutputBufferList 00000001400050c0     mspyLib.obj
 0004:000000cc       $pdata$SpyFreeBuffer       00000001400050cc     mspyLib.obj
 0004:000000d8       $pdata$SpyFreeRecord       00000001400050d8     mspyLib.obj
 0004:000000e4       $pdata$SpyGetLog           00000001400050e4     mspyLib.obj
 0004:000000f0       $pdata$SpyLog              00000001400050f0     mspyLib.obj
 0004:000000fc       $pdata$SpyLogPostOperationData 00000001400050fc     mspyLib.obj
 0004:00000108       $pdata$SpyLogPreOperationData 0000000140005108     mspyLib.obj
 0004:00000114       $pdata$SpyLogTransactionNotify 0000000140005114     mspyLib.obj
 0004:00000120       $pdata$SpyNewRecord        0000000140005120     mspyLib.obj
 0004:0000012c       $pdata$SpySetRecordNameAndEcpData 000000014000512c     mspyLib.obj
 0004:00000138       $pdata$TxNotificationToMinorCode 0000000140005138     mspyLib.obj
 0004:00000150       $pdata$__GSHandlerCheck    0000000140005150     ntoskrnl:gshandler.obj
 0004:0000015c       $pdata$__GSHandlerCheckCommon 000000014000515c     ntoskrnl:gshandler.obj
 0004:000001b0       $pdata$SpyGetLog$filt$0    00000001400051b0     mspyLib.obj
 0004:000001bc       $pdata$SpyConnect          00000001400051bc     minispy.obj
 0004:000001c8       $pdata$SpyDisconnect       00000001400051c8     minispy.obj
 0004:000001d4       $pdata$SpyFilterUnload     00000001400051d4     minispy.obj
 0004:000001e0       $pdata$SpyMessage          00000001400051e0     minispy.obj
 0004:000001ec       $pdata$SpyQueryTeardown    00000001400051ec     minispy.obj
 0004:000001f8       $pdata$SpyBuildEcpDataString 00000001400051f8     mspyLib.obj
 0004:00000204       $pdata$SpyParseEcps        0000000140005204     mspyLib.obj
 0004:00000210       $pdata$SpyMessage$filt$0   0000000140005210     minispy.obj
 0004:0000021c       $pdata$SpyMessage$filt$1   000000014000521c     minispy.obj
 0004:00000228       $pdata$DriverEntry         0000000140005228     minispy.obj
 0004:00000234       $pdata$SpyReadDriverParameters 0000000140005234     mspyLib.obj
 0004:00000240       $pdata$GsDriverEntry       0000000140005240     BufferOverflowFastFailK:gs_driverentry.obj
 0004:0000024c       $pdata$DriverEntry$fin$0   000000014000524c     minispy.obj
 0005:00000000       __guard_fids__             0000000140006000     BufferOverflowFastFailK:guard_support.obj
 0006:00001160       SpyMessage$filt$0          0000000140008160 f   minispy.obj
 0006:00001183       SpyMessage$filt$1          0000000140008183 f   minispy.obj
 0007:00000550       DriverEntry$fin$0          0000000140009550 f   minispy.obj
 0007:00000a1c       .idata$6                   0000000140009a1c     ntoskrnl:ntoskrnl.exe
 0007:00000c18       .idata$6                   0000000140009c18     fltMgr:FLTMGR.SYS
 0009:000000b0       $R000000                   000000014000b0b0     minispy.res
 0009:000000e8       $R000038                   000000014000b0e8     minispy.res
